Release 14.7 - xst P.20131013 (nt64)
Copyright (c) 1995-2013 Xilinx, Inc.  All rights reserved.
--> Parameter TMPDIR set to xst/projnav.tmp


Total REAL time to Xst completion: 1.00 secs
Total CPU time to Xst completion: 0.05 secs
 
--> Parameter xsthdpdir set to xst


Total REAL time to Xst completion: 1.00 secs
Total CPU time to Xst completion: 0.05 secs
 
--> Reading design: main.prj

TABLE OF CONTENTS
  1) Synthesis Options Summary
  2) HDL Compilation
  3) Design Hierarchy Analysis
  4) HDL Analysis
  5) HDL Synthesis
     5.1) HDL Synthesis Report
  6) Advanced HDL Synthesis
     6.1) Advanced HDL Synthesis Report
  7) Low Level Synthesis
  8) Partition Report
  9) Final Report
	9.1) Device utilization summary
	9.2) Partition Resource Summary
	9.3) TIMING REPORT


=========================================================================
*                      Synthesis Options Summary                        *
=========================================================================
---- Source Parameters
Input File Name                    : "main.prj"
Input Format                       : mixed
Ignore Synthesis Constraint File   : NO

---- Target Parameters
Output File Name                   : "main"
Output Format                      : NGC
Target Device                      : xc3s400-5-pq208

---- Source Options
Top Module Name                    : main
Automatic FSM Extraction           : YES
FSM Encoding Algorithm             : Auto
Safe Implementation                : No
FSM Style                          : LUT
RAM Extraction                     : Yes
RAM Style                          : Auto
ROM Extraction                     : Yes
Mux Style                          : Auto
Decoder Extraction                 : YES
Priority Encoder Extraction        : Yes
Shift Register Extraction          : YES
Logical Shifter Extraction         : YES
XOR Collapsing                     : YES
ROM Style                          : Auto
Mux Extraction                     : Yes
Resource Sharing                   : YES
Asynchronous To Synchronous        : NO
Multiplier Style                   : Auto
Automatic Register Balancing       : No

---- Target Options
Add IO Buffers                     : YES
Global Maximum Fanout              : 100000
Add Generic Clock Buffer(BUFG)     : 8
Register Duplication               : YES
Slice Packing                      : YES
Optimize Instantiated Primitives   : NO
Use Clock Enable                   : Yes
Use Synchronous Set                : Yes
Use Synchronous Reset              : Yes
Pack IO Registers into IOBs        : Auto
Equivalent register Removal        : YES

---- General Options
Optimization Goal                  : Speed
Optimization Effort                : 1
Keep Hierarchy                     : No
Netlist Hierarchy                  : As_Optimized
RTL Output                         : Yes
Global Optimization                : AllClockNets
Read Cores                         : YES
Write Timing Constraints           : NO
Cross Clock Analysis               : NO
Hierarchy Separator                : /
Bus Delimiter                      : <>
Case Specifier                     : Maintain
Slice Utilization Ratio            : 100
BRAM Utilization Ratio             : 100
Verilog 2001                       : YES
Auto BRAM Packing                  : NO
Slice Utilization Ratio Delta      : 5

=========================================================================


=========================================================================
*                          HDL Compilation                              *
=========================================================================
Compiling verilog file "JKFF.v" in library work
Compiling verilog file "seqqq.v" in library work
Module <JKFF> compiled
Compiling verilog file "clkcounter.v" in library work
Module <seqqq> compiled
Compiling verilog file "BCDcounter.v" in library work
Module <clkcounter> compiled
Compiling verilog file "main.v" in library work
Module <BCDcounter> compiled
Module <main> compiled
No errors in compilation
Analysis of file <"main.prj"> succeeded.
 

=========================================================================
*                     Design Hierarchy Analysis                         *
=========================================================================
Analyzing hierarchy for module <main> in library <work>.

Analyzing hierarchy for module <clkcounter> in library <work>.

Analyzing hierarchy for module <seqqq> in library <work>.

Analyzing hierarchy for module <BCDcounter> in library <work>.

Analyzing hierarchy for module <JKFF> in library <work>.


=========================================================================
*                            HDL Analysis                               *
=========================================================================
Analyzing top module <main>.
Module <main> is correct for synthesis.
 
Analyzing module <clkcounter> in library <work>.
Module <clkcounter> is correct for synthesis.
 
Analyzing module <seqqq> in library <work>.
WARNING:Xst:916 - "seqqq.v" line 10: Delay is ignored for synthesis.
WARNING:Xst:916 - "seqqq.v" line 11: Delay is ignored for synthesis.
WARNING:Xst:916 - "seqqq.v" line 12: Delay is ignored for synthesis.
WARNING:Xst:916 - "seqqq.v" line 13: Delay is ignored for synthesis.
WARNING:Xst:916 - "seqqq.v" line 17: Delay is ignored for synthesis.
WARNING:Xst:915 - Message (916) is reported only 5 times for each module.
Module <seqqq> is correct for synthesis.
 
Analyzing module <JKFF> in library <work>.
Module <JKFF> is correct for synthesis.
 
Analyzing module <BCDcounter> in library <work>.
Module <BCDcounter> is correct for synthesis.
 

=========================================================================
*                           HDL Synthesis                               *
=========================================================================

Performing bidirectional port resolution...

Synthesizing Unit <clkcounter>.
    Related source file is "clkcounter.v".
    Found 1-bit register for signal <clk_out>.
    Found 26-bit up counter for signal <counter>.
    Summary:
	inferred   1 Counter(s).
	inferred   1 D-type flip-flop(s).
Unit <clkcounter> synthesized.


Synthesizing Unit <BCDcounter>.
    Related source file is "BCDcounter.v".
WARNING:Xst:737 - Found 8-bit latch for signal <SEG_DATA>. Latches may be generated from incomplete case or if statements. We do not recommend the use of latches in FPGA/CPLD designs, as they may lead to timing problems.
INFO:Xst:2371 - HDL ADVISOR - Logic functions respectively driving the data and gate enable inputs of this latch share common terms. This situation will potentially lead to setup/hold violations and, as a result, to simulation problems. This situation may come from an incomplete case statement (all selector values are not covered). You should carefully review if it was in your intentions to describe such a latch.
Unit <BCDcounter> synthesized.


Synthesizing Unit <JKFF>.
    Related source file is "JKFF.v".
    Found 1-bit register for signal <q>.
    Found 1-bit 4-to-1 multiplexer for signal <q$mux0000> created at line 8.
    Summary:
	inferred   1 D-type flip-flop(s).
	inferred   1 Multiplexer(s).
Unit <JKFF> synthesized.


Synthesizing Unit <seqqq>.
    Related source file is "seqqq.v".
WARNING:Xst:646 - Signal <nq2> is assigned but never used. This unconnected signal will be trimmed during the optimization process.
Unit <seqqq> synthesized.


Synthesizing Unit <main>.
    Related source file is "main.v".
Unit <main> synthesized.


=========================================================================
HDL Synthesis Report

Macro Statistics
# Counters                                             : 1
 26-bit up counter                                     : 1
# Registers                                            : 4
 1-bit register                                        : 4
# Latches                                              : 1
 8-bit latch                                           : 1
# Multiplexers                                         : 3
 1-bit 4-to-1 multiplexer                              : 3

=========================================================================

=========================================================================
*                       Advanced HDL Synthesis                          *
=========================================================================

WARNING:Xst:1710 - FF/Latch <0> (without init value) has a constant value of 0 in block <7>. This FF/Latch will be trimmed during the optimization process.

=========================================================================
Advanced HDL Synthesis Report

Macro Statistics
# Counters                                             : 1
 26-bit up counter                                     : 1
# Registers                                            : 4
 Flip-Flops                                            : 4
# Latches                                              : 1
 8-bit latch                                           : 1

=========================================================================

=========================================================================
*                         Low Level Synthesis                           *
=========================================================================
WARNING:Xst:1710 - FF/Latch <7> (without init value) has a constant value of 0 in block <LPM_LATCH_1>. This FF/Latch will be trimmed during the optimization process.

Optimizing unit <main> ...

Optimizing unit <BCDcounter> ...
WARNING:Xst:1294 - Latch <SEG_DATA_0> is equivalent to a wire in block <BCDcounter>.
WARNING:Xst:1294 - Latch <SEG_DATA_1> is equivalent to a wire in block <BCDcounter>.
WARNING:Xst:1294 - Latch <SEG_DATA_2> is equivalent to a wire in block <BCDcounter>.
WARNING:Xst:1294 - Latch <SEG_DATA_3> is equivalent to a wire in block <BCDcounter>.
WARNING:Xst:1294 - Latch <SEG_DATA_4> is equivalent to a wire in block <BCDcounter>.
WARNING:Xst:1294 - Latch <SEG_DATA_5> is equivalent to a wire in block <BCDcounter>.
WARNING:Xst:1294 - Latch <SEG_DATA_6> is equivalent to a wire in block <BCDcounter>.

Optimizing unit <seqqq> ...

Mapping all equations...
Building and optimizing final netlist ...
Found area constraint ratio of 100 (+ 5) on block main, actual ratio is 0.

Final Macro Processing ...

=========================================================================
Final Register Report

Macro Statistics
# Registers                                            : 30
 Flip-Flops                                            : 30

=========================================================================

=========================================================================
*                           Partition Report                            *
=========================================================================

Partition Implementation Status
-------------------------------

  No Partitions were found in this design.

-------------------------------

=========================================================================
*                            Final Report                               *
=========================================================================
Final Results
RTL Top Level Output File Name     : main.ngr
Top Level Output File Name         : main
Output Format                      : NGC
Optimization Goal                  : Speed
Keep Hierarchy                     : No

Design Statistics
# IOs                              : 15

Cell Usage :
# BELS                             : 103
#      GND                         : 1
#      INV                         : 2
#      LUT1                        : 25
#      LUT2                        : 1
#      LUT3                        : 8
#      LUT4                        : 7
#      MUXCY                       : 32
#      VCC                         : 1
#      XORCY                       : 26
# FlipFlops/Latches                : 30
#      FD_1                        : 2
#      FDE                         : 1
#      FDR                         : 26
#      FDR_1                       : 1
# Clock Buffers                    : 1
#      BUFGP                       : 1
# IO Buffers                       : 14
#      IBUF                        : 1
#      OBUF                        : 13
=========================================================================

Device utilization summary:
---------------------------

Selected Device : 3s400pq208-5 

 Number of Slices:                       22  out of   3584     0%  
 Number of Slice Flip Flops:             30  out of   7168     0%  
 Number of 4 input LUTs:                 43  out of   7168     0%  
 Number of IOs:                          15
 Number of bonded IOBs:                  15  out of    141    10%  
 Number of GCLKs:                         1  out of      8    12%  

---------------------------
Partition Resource Summary:
---------------------------

  No Partitions were found in this design.

---------------------------


=========================================================================
TIMING REPORT

NOTE: THESE TIMING NUMBERS ARE ONLY A SYNTHESIS ESTIMATE.
      FOR ACCURATE TIMING INFORMATION PLEASE REFER TO THE TRACE REPORT
      GENERATED AFTER PLACE-and-ROUTE.

Clock Information:
------------------
-----------------------------------+------------------------+-------+
Clock Signal                       | Clock buffer(FF name)  | Load  |
-----------------------------------+------------------------+-------+
clkin                              | BUFGP                  | 27    |
clk1/clk_out                       | NONE(seqqq1/ff1/q)     | 3     |
-----------------------------------+------------------------+-------+
INFO:Xst:2169 - HDL ADVISOR - Some clock signals were not automatically buffered by XST with BUFG/BUFR resources. Please use the buffer_type constraint in order to insert these buffers to the clock signals to help prevent skew problems.

Asynchronous Control Signals Information:
----------------------------------------
No asynchronous control signals found in this design

Timing Summary:
---------------
Speed Grade: -5

   Minimum period: 5.546ns (Maximum Frequency: 180.302MHz)
   Minimum input arrival time before clock: 2.285ns
   Maximum output required time after clock: 7.954ns
   Maximum combinational path delay: No path found

Timing Detail:
--------------
All values displayed in nanoseconds (ns)

=========================================================================
Timing constraint: Default period analysis for Clock 'clkin'
  Clock period: 5.546ns (frequency: 180.302MHz)
  Total number of paths / destination ports: 1054 / 54
-------------------------------------------------------------------------
Delay:               5.546ns (Levels of Logic = 8)
  Source:            clk1/counter_5 (FF)
  Destination:       clk1/counter_0 (FF)
  Source Clock:      clkin rising
  Destination Clock: clkin rising

  Data Path: clk1/counter_5 to clk1/counter_0
                                Gate     Net
    Cell:in->out      fanout   Delay   Delay  Logical Name (Net Name)
    ----------------------------------------  ------------
     FDR:C->Q              2   0.626   1.040  clk1/counter_5 (clk1/counter_5)
     LUT2:I0->O            1   0.479   0.000  clk1/counter_cmp_eq0000_wg_lut<0> (clk1/counter_cmp_eq0000_wg_lut<0>)
     MUXCY:S->O            1   0.435   0.000  clk1/counter_cmp_eq0000_wg_cy<0> (clk1/counter_cmp_eq0000_wg_cy<0>)
     MUXCY:CI->O           1   0.056   0.000  clk1/counter_cmp_eq0000_wg_cy<1> (clk1/counter_cmp_eq0000_wg_cy<1>)
     MUXCY:CI->O           1   0.056   0.000  clk1/counter_cmp_eq0000_wg_cy<2> (clk1/counter_cmp_eq0000_wg_cy<2>)
     MUXCY:CI->O           1   0.056   0.000  clk1/counter_cmp_eq0000_wg_cy<3> (clk1/counter_cmp_eq0000_wg_cy<3>)
     MUXCY:CI->O           1   0.056   0.000  clk1/counter_cmp_eq0000_wg_cy<4> (clk1/counter_cmp_eq0000_wg_cy<4>)
     MUXCY:CI->O           1   0.056   0.000  clk1/counter_cmp_eq0000_wg_cy<5> (clk1/counter_cmp_eq0000_wg_cy<5>)
     MUXCY:CI->O          27   0.246   1.551  clk1/counter_cmp_eq0000_wg_cy<6> (clk1/counter_cmp_eq0000)
     FDR:R                     0.892          clk1/counter_0
    ----------------------------------------
    Total                      5.546ns (2.955ns logic, 2.591ns route)
                                       (53.3% logic, 46.7% route)

=========================================================================
Timing constraint: Default period analysis for Clock 'clk1/clk_out'
  Clock period: 2.540ns (frequency: 393.716MHz)
  Total number of paths / destination ports: 6 / 3
-------------------------------------------------------------------------
Delay:               2.540ns (Levels of Logic = 1)
  Source:            seqqq1/ff0/q (FF)
  Destination:       seqqq1/ff2/q (FF)
  Source Clock:      clk1/clk_out falling
  Destination Clock: clk1/clk_out falling

  Data Path: seqqq1/ff0/q to seqqq1/ff2/q
                                Gate     Net
    Cell:in->out      fanout   Delay   Delay  Logical Name (Net Name)
    ----------------------------------------  ------------
     FDR_1:C->Q           10   0.626   1.259  seqqq1/ff0/q (seqqq1/ff0/q)
     LUT4:I0->O            1   0.479   0.000  seqqq1/ff2/Mmux_q_mux000011 (seqqq1/ff2/q_mux0000)
     FD_1:D                    0.176          seqqq1/ff2/q
    ----------------------------------------
    Total                      2.540ns (1.281ns logic, 1.259ns route)
                                       (50.4% logic, 49.6% route)

=========================================================================
Timing constraint: Default OFFSET IN BEFORE for Clock 'clk1/clk_out'
  Total number of paths / destination ports: 2 / 2
-------------------------------------------------------------------------
Offset:              2.285ns (Levels of Logic = 2)
  Source:            ud (PAD)
  Destination:       seqqq1/ff1/q (FF)
  Destination Clock: clk1/clk_out falling

  Data Path: ud to seqqq1/ff1/q
                                Gate     Net
    Cell:in->out      fanout   Delay   Delay  Logical Name (Net Name)
    ----------------------------------------  ------------
     IBUF:I->O             2   0.715   0.915  ud_IBUF (ud_IBUF)
     LUT3:I1->O            1   0.479   0.000  seqqq1/ff1/Mmux_q_mux000011 (seqqq1/ff1/q_mux0000)
     FD_1:D                    0.176          seqqq1/ff1/q
    ----------------------------------------
    Total                      2.285ns (1.370ns logic, 0.915ns route)
                                       (59.9% logic, 40.1% route)

=========================================================================
Timing constraint: Default OFFSET OUT AFTER for Clock 'clk1/clk_out'
  Total number of paths / destination ports: 21 / 7
-------------------------------------------------------------------------
Offset:              7.954ns (Levels of Logic = 2)
  Source:            seqqq1/ff0/q (FF)
  Destination:       SEG_DATA<4> (PAD)
  Source Clock:      clk1/clk_out falling

  Data Path: seqqq1/ff0/q to SEG_DATA<4>
                                Gate     Net
    Cell:in->out      fanout   Delay   Delay  Logical Name (Net Name)
    ----------------------------------------  ------------
     FDR_1:C->Q           10   0.626   1.259  seqqq1/ff0/q (seqqq1/ff0/q)
     LUT3:I0->O            1   0.479   0.681  BCDcounter1/SEG_DATA_mux0000<4>1 (SEG_DATA_4_OBUF)
     OBUF:I->O                 4.909          SEG_DATA_4_OBUF (SEG_DATA<4>)
    ----------------------------------------
    Total                      7.954ns (6.014ns logic, 1.940ns route)
                                       (75.6% logic, 24.4% route)

=========================================================================


Total REAL time to Xst completion: 4.00 secs
Total CPU time to Xst completion: 3.09 secs
 
--> 

Total memory usage is 256884 kilobytes

Number of errors   :    0 (   0 filtered)
Number of warnings :   17 (   0 filtered)
Number of infos    :    2 (   0 filtered)

